manthan@manthan-Aspire-A515-56G:~/Documents/CDAC/myworkos/OS-Assignment$ uname
Linux
manthan@manthan-Aspire-A515-56G:~/Documents/CDAC/myworkos/OS-Assignment$ pwd
/home/manthan/Documents/CDAC/myworkos/OS-Assignment
manthan@manthan-Aspire-A515-56G:~/Documents/CDAC/myworkos/OS-Assignment$ hostname
manthan-Aspire-A515-56G
manthan@manthan-Aspire-A515-56G:~/Documents/CDAC/myworkos/OS-Assignment$ date
Tuesday 28 November 2023 04:50:42 PM IST
manthan@manthan-Aspire-A515-56G:~/Documents/CDAC/myworkos/OS-Assignment$ cal
Command 'cal' not found, but can be installed with:
sudo apt install ncal
manthan@manthan-Aspire-A515-56G:~/Documents/CDAC/myworkos/OS-Assignment$ sudo apt install ncal
[sudo] password for manthan: 
Reading package lists... Done
Building dependency tree... Done
Reading state information... Done
The following NEW packages will be installed:
  ncal
0 upgraded, 1 newly installed, 0 to remove and 21 not upgraded.
Need to get 20.2 kB of archives.
After this operation, 69.6 kB of additional disk space will be used.
Get:1 http://in.archive.ubuntu.com/ubuntu jammy/universe amd64 ncal amd64 12.1.7+nmu3ubuntu2 [20.2 kB]
Fetched 20.2 kB in 1s (28.0 kB/s)
Selecting previously unselected package ncal.
(Reading database ... 199823 files and directories currently installed.)
Preparing to unpack .../ncal_12.1.7+nmu3ubuntu2_amd64.deb ...
Unpacking ncal (12.1.7+nmu3ubuntu2) ...
Setting up ncal (12.1.7+nmu3ubuntu2) ...
Processing triggers for man-db (2.10.2-1) ...
manthan@manthan-Aspire-A515-56G:~/Documents/CDAC/myworkos/OS-Assignment$ cal
   November 2023      
Su Mo Tu We Th Fr Sa  
          1  2  3  4  
 5  6  7  8  9 10 11  
12 13 14 15 16 17 18  
19 20 21 22 23 24 25  
26 27 28 29 30        
                      
manthan@manthan-Aspire-A515-56G:~/Documents/CDAC/myworkos/OS-Assignment$ ls /home/manthan/Documents/CDAC/myworkwpt
Day02  Day03  Day04  Day05  Day06  Day07  Day08  Day09  Day10
manthan@manthan-Aspire-A515-56G:~/Documents/CDAC/myworkos/OS-Assignment$ cat Assignment1.txt
luffy@luffy-Nitro-ANV15-51:~/CDAC/Assignments/OS-Assignment$ uname
Linux
--------------------------------------------------------------------------------------
luffy@luffy-Nitro-ANV15-51:~/CDAC/Assignments/OS-Assignment$ pwd
/home/luffy/CDAC/Assignments/OS-Assignment
--------------------------------------------------------------------------------------
luffy@luffy-Nitro-ANV15-51:~/CDAC/Assignments/OS-Assignment$ hostname
luffy-Nitro-ANV15-51
--------------------------------------------------------------------------------------
luffy@luffy-Nitro-ANV15-51:~/CDAC/Assignments/OS-Assignment$ date
Monday 27 November 2023 04:54:29 PM IST
luffy@luffy-Nitro-ANV15-51:~/CDAC/Assignments/OS-Assignment$ cal
   November 2023      
Su Mo Tu We Th Fr Sa  
          1  2  3  4  
 5  6  7  8  9 10 11  
12 13 14 15 16 17 18  
19 20 21 22 23 24 25  
26 27 28 29 30        
--------------------------------------------------------------------------------------
luffy@luffy-Nitro-ANV15-51:~/CDAC/Assignments/OS-Assignment$ ls /home/luffy/CDAC
Assignments  Data  hackathon  PRACTICE  Project
--------------------------------------------------------------------------------------
luffy@luffy-Nitro-ANV15-51:~/CDAC/Assignments/OS-Assignment$ cat Assignment1.txt
--------------------------------------------------------------------------------------
luffy@luffy-Nitro-ANV15-51:~/CDAC/Assignments/OS-Assignment$ cat > a.txt
This is a test text file
--------------------------------------------------------------------------------------
luffy@luffy-Nitro-ANV15-51:~/CDAC/Assignments/OS-Assignment$ cat >> a.txt
Some message is appended
--------------------------------------------------------------------------------------
luffy@luffy-Nitro-ANV15-51:~/CDAC/Assignments/OS-Assignment$ cp a.txt b.txt
--------------------------------------------------------------------------------------
luffy@luffy-Nitro-ANV15-51:~/CDAC/Assignments/OS-Assignment$ mv a.txt ..
--------------------------------------------------------------------------------------
luffy@luffy-Nitro-ANV15-51:~/CDAC/Assignments/OS-Assignment$ mv b.txt a.txt
--------------------------------------------------------------------------------------
luffy@luffy-Nitro-ANV15-51:~/CDAC/Assignments/OS-Assignment$ tac
BC
PQR
LMN
LMN
PQR
BC
--------------------------------------------------------------------------------------
luffy@luffy-Nitro-ANV15-51:~/CDAC/Assignments/OS-Assignment$ rev
abcdefg
gfedcba
--------------------------------------------------------------------------------------
luffy@luffy-Nitro-ANV15-51:~/CDAC/Assignments/OS-Assignment$ wc a.txt
 2 10 50 a.txt
--------------------------------------------------------------------------------------
luffy@luffy-Nitro-ANV15-51:~/CDAC/Assignments/OS-Assignment$ mkdir one
--------------------------------------------------------------------------------------
luffy@luffy-Nitro-ANV15-51:~/CDAC/Assignments/OS-Assignment$ cd one/
luffy@luffy-Nitro-ANV15-51:~/CDAC/Assignments/OS-Assignment/one$ 
--------------------------------------------------------------------------------------
luffy@luffy-Nitro-ANV15-51:~/CDAC/Assignments/OS-Assignment/one$ cd ..
luffy@luffy-Nitro-ANV15-51:~/CDAC/Assignments/OS-Assignment$ ls
Assignment1.txt  a.txt  one
luffy@luffy-Nitro-ANV15-51:~/CDAC/Assignments/OS-Assignment$ rm -R one
luffy@luffy-Nitro-ANV15-51:~/CDAC/Assignments/OS-Assignment$ ls
Assignment1.txt  a.txt
--------------------------------------------------------------------------------------
luffy@luffy-Nitro-ANV15-51:~/CDAC/Assignments/OS-Assignment$ ls
Assignment1.txt  a.txt
luffy@luffy-Nitro-ANV15-51:~/CDAC/Assignments/OS-Assignment$ mkdir two
luffy@luffy-Nitro-ANV15-51:~/CDAC/Assignments/OS-Assignment$ ls
Assignment1.txt  a.txt  two
luffy@luffy-Nitro-ANV15-51:~/CDAC/Assignments/OS-Assignment$ rmdir two
luffy@luffy-Nitro-ANV15-51:~/CDAC/Assignments/OS-Assignment$ ls
Assignment1.txt  a.txt
--------------------------------------------------------------------------------------
luffy@luffy-Nitro-ANV15-51:~/CDAC/Assignments/OS-Assignment$ touch abc.txt
luffy@luffy-Nitro-ANV15-51:~/CDAC/Assignments/OS-Assignment$ stat abc.txt
  File: abc.txt
  Size: 0         	Blocks: 0          IO Block: 4096   regular empty file
Device: 10307h/66311d	Inode: 393518      Links: 1
Access: (0664/-rw-rw-r--)  Uid: ( 1000/   luffy)   Gid: ( 1000/   luffy)
Access: 2023-11-27 17:22:08.465506078 +0530
Modify: 2023-11-27 17:22:08.465506078 +0530
Change: 2023-11-27 17:22:08.465506078 +0530
 Birth: 2023-11-27 17:22:08.465506078 +0530
luffy@luffy-Nitro-ANV15-51:~/CDAC/Assignments/OS-Assignment$ touch abc.txt
luffy@luffy-Nitro-ANV15-51:~/CDAC/Assignments/OS-Assignment$ stat abc.txt
  File: abc.txt
  Size: 0         	Blocks: 0          IO Block: 4096   regular empty file
Device: 10307h/66311d	Inode: 393518      Links: 1
Access: (0664/-rw-rw-r--)  Uid: ( 1000/   luffy)   Gid: ( 1000/   luffy)
Access: 2023-11-27 17:22:47.016385992 +0530
Modify: 2023-11-27 17:22:47.016385992 +0530
Change: 2023-11-27 17:22:47.016385992 +0530
 Birth: 2023-11-27 17:22:08.465506078 +0530
--------------------------------------------------------------------------------------
 luffy@luffy-Nitro-ANV15-51:~/CDAC/Assignments/OS-Assignment$ touch ab.txt ac.txt ad.txt
--------------------------------------------------------------------------------------
luffy@luffy-Nitro-ANV15-51:~/CDAC/Assignments/OS-Assignment$ cat a.txt
This is a test text file
Some message is appended
Gonna 
be
used
for
testing
the
command
in linux
luffy@luffy-Nitro-ANV15-51:~/CDAC/Assignments/OS-Assignment$ sort a.txt
be
command
for
Gonna 
in linux
Some message is appended
testing
the
This is a test text file
used
--------------------------------------------------------------------------------------
luffy@luffy-Nitro-ANV15-51:~/CDAC/Assignments/OS-Assignment$ cat a.txt
This is a test text file
This is a test text file
Some message is appended
Some message is appended
Gonna 
Gonna 
be
used
for
testing
the
command
in linux

luffy@luffy-Nitro-ANV15-51:~/CDAC/Assignments/OS-Assignment$ uniq a.txt
This is a test text file
Some message is appended
Gonna 
be
used
for
testing
the
command
in linux

--------------------------------------------------------------------------------------
luffy@luffy-Nitro-ANV15-51:~/CDAC/Assignments/OS-Assignment$ head -5 a.txt
This is a test text file
This is a test text file
Some message is appended
Some message is appended
Gonna 

--------------------------------------------------------------------------------------
luffy@luffy-Nitro-ANV15-51:~/CDAC/Assignments/OS-Assignment$ tail  -4 a.txt
testing
the
command
in linux
--------------------------------------------------------------------------------------
luffy@luffy-Nitro-ANV15-51:~/CDAC/Assignments/OS-Assignment$ factor 68665846
68665846: 2 53 557 1163
--------------------------------------------------------------------------------------
luffy@luffy-Nitro-ANV15-51:~/CDAC/Assignments/OS-Assignment$ alias a="abc"
luffy@luffy-Nitro-ANV15-51:~/CDAC/Assignments/OS-Assignment$ abc
Command 'abc' not found, but there are 17 similar ones.
luffy@luffy-Nitro-ANV15-51:~/CDAC/Assignments/OS-Assignment$ alias -p
alias a='abc'
alias alert='notify-send --urgency=low -i "$([ $? = 0 ] && echo terminal || echo error)" "$(history|tail -n1|sed -e '\''s/^\s*[0-9]\+\s*//;s/[;&|]\s*alert$//'\'')"'
alias egrep='egrep --color=auto'
alias fgrep='fgrep --color=auto'
alias grep='grep --color=auto'
alias l='ls -CF'
alias la='ls -A'
alias ll='ls -alF'
alias ls='ls --color=auto'
--------------------------------------------------------------------------------------
luffy@luffy-Nitro-ANV15-51:~/CDAC/Assignments/OS-Assignment$ unalias a
luffy@luffy-Nitro-ANV15-51:~/CDAC/Assignments/OS-Assignment$ alias -p
alias alert='notify-send --urgency=low -i "$([ $? = 0 ] && echo terminal || echo error)" "$(history|tail -n1|sed -e '\''s/^\s*[0-9]\+\s*//;s/[;&|]\s*alert$//'\'')"'
alias egrep='egrep --color=auto'
alias fgrep='fgrep --color=auto'
alias grep='grep --color=auto'
alias l='ls -CF'
alias la='ls -A'
alias ll='ls -alF'
alias ls='ls --color=auto'
--------------------------------------------------------------------------------------
luffy@luffy-Nitro-ANV15-51:~/CDAC/Assignments/OS-Assignment$ echo envp
envp
--------------------------------------------------------------------------------------
luffy@luffy-Nitro-ANV15-51:~/CDAC/Assignments/OS-Assignment$ ps
    PID TTY          TIME CMD
   6138 pts/0    00:00:00 bash
   9486 pts/0    00:00:00 ps

--------------------------------------------------------------------------------------
luffy@luffy-Nitro-ANV15-51:~/CDAC/Assignments/OS-Assignment$ kill 8125
--------------------------------------------------------------------------------------
luffy@luffy-Nitro-ANV15-51:~/CDAC/Assignments/OS-Assignment$ env
SHELL=/bin/bash
SESSION_MANAGER=local/luffy-Nitro-ANV15-51:@/tmp/.ICE-unix/1984,unix/luffy-Nitro-ANV15-51:/tmp/.ICE-unix/1984
QT_ACCESSIBILITY=1
COLORTERM=truecolor
XDG_CONFIG_DIRS=/etc/xdg/xdg-ubuntu:/etc/xdg
SSH_AGENT_LAUNCHER=gnome-keyring
XDG_MENU_PREFIX=gnome-
GNOME_DESKTOP_SESSION_ID=this-is-deprecated
LANGUAGE=en_IN:en
GNOME_SHELL_SESSION_MODE=ubuntu
SSH_AUTH_SOCK=/run/user/1000/keyring/ssh
XMODIFIERS=@im=ibus
DESKTOP_SESSION=ubuntu
GTK_MODULES=gail:atk-bridge
DBUS_STARTER_BUS_TYPE=session
PWD=/home/luffy/CDAC/Assignments/OS-Assignment
LOGNAME=luffy
XDG_SESSION_DESKTOP=ubuntu
XDG_SESSION_TYPE=wayland
SYSTEMD_EXEC_PID=1984
XAUTHORITY=/run/user/1000/.mutter-Xwaylandauth.PCXYE2
HOME=/home/luffy
USERNAME=luffy
IM_CONFIG_PHASE=1
LANG=en_IN
LS_COLORS=rs=0:di=01;34:ln=01;36:mh=00:pi=40;33:so=01;35:do=01;35:bd=40;33;01:cd=40;33;01:or=40;31;01:mi=00:su=37;41:sg=30;43:ca=30;41:tw=30;42:ow=34;42:st=37;44:ex=01;32:*.tar=01;31:*.tgz=01;31:*.arc=01;31:*.arj=01;31:*.taz=01;31:*.lha=01;31:*.lz4=01;31:*.lzh=01;31:*.lzma=01;31:*.tlz=01;31:*.txz=01;31:*.tzo=01;31:*.t7z=01;31:*.zip=01;31:*.z=01;31:*.dz=01;31:*.gz=01;31:*.lrz=01;31:*.lz=01;31:*.lzo=01;31:*.xz=01;31:*.zst=01;31:*.tzst=01;31:*.bz2=01;31:*.bz=01;31:*.tbz=01;31:*.tbz2=01;31:*.tz=01;31:*.deb=01;31:*.rpm=01;31:*.jar=01;31:*.war=01;31:*.ear=01;31:*.sar=01;31:*.rar=01;31:*.alz=01;31:*.ace=01;31:*.zoo=01;31:*.cpio=01;31:*.7z=01;31:*.rz=01;31:*.cab=01;31:*.wim=01;31:*.swm=01;31:*.dwm=01;31:*.esd=01;31:*.jpg=01;35:*.jpeg=01;35:*.mjpg=01;35:*.mjpeg=01;35:*.gif=01;35:*.bmp=01;35:*.pbm=01;35:*.pgm=01;35:*.ppm=01;35:*.tga=01;35:*.xbm=01;35:*.xpm=01;35:*.tif=01;35:*.tiff=01;35:*.png=01;35:*.svg=01;35:*.svgz=01;35:*.mng=01;35:*.pcx=01;35:*.mov=01;35:*.mpg=01;35:*.mpeg=01;35:*.m2v=01;35:*.mkv=01;35:*.webm=01;35:*.webp=01;35:*.ogm=01;35:*.mp4=01;35:*.m4v=01;35:*.mp4v=01;35:*.vob=01;35:*.qt=01;35:*.nuv=01;35:*.wmv=01;35:*.asf=01;35:*.rm=01;35:*.rmvb=01;35:*.flc=01;35:*.avi=01;35:*.fli=01;35:*.flv=01;35:*.gl=01;35:*.dl=01;35:*.xcf=01;35:*.xwd=01;35:*.yuv=01;35:*.cgm=01;35:*.emf=01;35:*.ogv=01;35:*.ogx=01;35:*.aac=00;36:*.au=00;36:*.flac=00;36:*.m4a=00;36:*.mid=00;36:*.midi=00;36:*.mka=00;36:*.mp3=00;36:*.mpc=00;36:*.ogg=00;36:*.ra=00;36:*.wav=00;36:*.oga=00;36:*.opus=00;36:*.spx=00;36:*.xspf=00;36:
XDG_CURRENT_DESKTOP=ubuntu:GNOME
VTE_VERSION=6800
WAYLAND_DISPLAY=wayland-0
GNOME_TERMINAL_SCREEN=/org/gnome/Terminal/screen/64091bb4_9f1a_432a_b713_e056d5a009a5
GNOME_SETUP_DISPLAY=:1
LESSCLOSE=/usr/bin/lesspipe %s %s
XDG_SESSION_CLASS=user
TERM=xterm-256color
LESSOPEN=| /usr/bin/lesspipe %s
USER=luffy
GNOME_TERMINAL_SERVICE=:1.203
DISPLAY=:0
SHLVL=1
QT_IM_MODULE=ibus
DBUS_STARTER_ADDRESS=unix:path=/run/user/1000/bus,guid=108222989c3b5fffa8f119d7656472f3
XDG_RUNTIME_DIR=/run/user/1000
XDG_DATA_DIRS=/usr/share/ubuntu:/usr/local/share/:/usr/share/:/var/lib/snapd/desktop
PATH=/usr/local/sbin:/usr/local/bin:/usr/sbin:/usr/bin:/sbin:/bin:/usr/games:/usr/local/games:/snap/bin:/snap/bin
GDMSESSION=ubuntu
DBUS_SESSION_BUS_ADDRESS=unix:path=/run/user/1000/bus,guid=108222989c3b5fffa8f119d7656472f3
_=/usr/bin/env
OLDPWD=/home/luffy/CDAC/Assignments/OS-Assignment/one







manthan@manthan-Aspire-A515-56G:~/Documents/CDAC/myworkos/OS-Assignment$ cat > a.txt
this is me 
manthan@manthan-Aspire-A515-56G:~/Documents/CDAC/myworkos/OS-Assignment$ cat >> a.txt
this not me ^C
manthan@manthan-Aspire-A515-56G:~/Documents/CDAC/myworkos/OS-Assignment$ cat >> a.txt
this is not me lobhas          
manthan@manthan-Aspire-A515-56G:~/Documents/CDAC/myworkos/OS-Assignment$ cp a.txt b.txt
manthan@manthan-Aspire-A515-56G:~/Documents/CDAC/myworkos/OS-Assignment$ mv b.txt a.txt
manthan@manthan-Aspire-A515-56G:~/Documents/CDAC/myworkos/OS-Assignment$ mv a.txt ..
manthan@manthan-Aspire-A515-56G:~/Documents/CDAC/myworkos/OS-Assignment$ tac
Bc
pqr
pqr
Bc
manthan@manthan-Aspire-A515-56G:~/Documents/CDAC/myworkos/OS-Assignment$ hostname -i
127.0.1.1
manthan@manthan-Aspire-A515-56G:~/Documents/CDAC/myworkos/OS-Assignment$ rev
vdbdkhvbdb
bdbvhkdbdv
manthan@manthan-Aspire-A515-56G:~/Documents/CDAC/myworkos/OS-Assignment$ wc a.txt
wc: a.txt: No such file or directory
manthan@manthan-Aspire-A515-56G:~/Documents/CDAC/myworkos/OS-Assignment$ mkdir one
manthan@manthan-Aspire-A515-56G:~/Documents/CDAC/myworkos/OS-Assignment$ cd one/
manthan@manthan-Aspire-A515-56G:~/Documents/CDAC/myworkos/OS-Assignment/one$ cd ..
manthan@manthan-Aspire-A515-56G:~/Documents/CDAC/myworkos/OS-Assignment$ ls
Assignment1.txt  one
manthan@manthan-Aspire-A515-56G:~/Documents/CDAC/myworkos/OS-Assignment$ rm -R one
manthan@manthan-Aspire-A515-56G:~/Documents/CDAC/myworkos/OS-Assignment$ mkdir two
manthan@manthan-Aspire-A515-56G:~/Documents/CDAC/myworkos/OS-Assignment$ touch abc.txt
manthan@manthan-Aspire-A515-56G:~/Documents/CDAC/myworkos/OS-Assignment$ ls
abc.txt  Assignment1.txt  two
manthan@manthan-Aspire-A515-56G:~/Documents/CDAC/myworkos/OS-Assignment$ stat abc.txt
  File: abc.txt
  Size: 0         	Blocks: 0          IO Block: 4096   regular empty file
Device: 10307h/66311d	Inode: 152276      Links: 1
Access: (0664/-rw-rw-r--)  Uid: ( 1000/ manthan)   Gid: ( 1000/ manthan)
Access: 2023-11-28 17:15:46.242770155 +0530
Modify: 2023-11-28 17:15:46.242770155 +0530
Change: 2023-11-28 17:15:46.242770155 +0530
 Birth: 2023-11-28 17:15:46.242770155 +0530
manthan@manthan-Aspire-A515-56G:~/Documents/CDAC/myworkos/OS-Assignment$ touch ab.txt ac.txt ad.txt
manthan@manthan-Aspire-A515-56G:~/Documents/CDAC/myworkos/OS-Assignment$ cat a.txt
cat: a.txt: No such file or directory
manthan@manthan-Aspire-A515-56G:~/Documents/CDAC/myworkos/OS-Assignment$ cat > a.txt
this is a test
manthan@manthan-Aspire-A515-56G:~/Documents/CDAC/myworkos/OS-Assignment$ cat >> a.txt
lobhs
testing 
me
manthan@manthan-Aspire-A515-56G:~/Documents/CDAC/myworkos/OS-Assignment$ sort a.txt
lobhs
me
testing 
this is a test
manthan@manthan-Aspire-A515-56G:~/Documents/CDAC/myworkos/OS-Assignment$ uniq a.txt
this is a test
lobhs
testing 
me
manthan@manthan-Aspire-A515-56G:~/Documents/CDAC/myworkos/OS-Assignment$ sort a.txt > sorted.txt
manthan@manthan-Aspire-A515-56G:~/Documents/CDAC/myworkos/OS-Assignment$ uniq sorted.txt
lobhs
me
testing 
this is a test
manthan@manthan-Aspire-A515-56G:~/Documents/CDAC/myworkos/OS-Assignment$ head -2 a.txt
this is a test
lobhs
manthan@manthan-Aspire-A515-56G:~/Documents/CDAC/myworkos/OS-Assignment$ tail -3 a.txt
lobhs
testing 
me
manthan@manthan-Aspire-A515-56G:~/Documents/CDAC/myworkos/OS-Assignment$ factor 787456970
787456970: 2 5 2017 39041
manthan@manthan-Aspire-A515-56G:~/Documents/CDAC/myworkos/OS-Assignment$ echo envp
envp
manthan@manthan-Aspire-A515-56G:~/Documents/CDAC/myworkos/OS-Assignment$ ps
    PID TTY          TIME CMD
   4321 pts/0    00:00:00 bash
   4844 pts/0    00:00:00 ps
manthan@manthan-Aspire-A515-56G:~/Documents/CDAC/myworkos/OS-Assignment$ kill ls
bash: kill: ls: arguments must be process or job IDs
manthan@manthan-Aspire-A515-56G:~/Documents/CDAC/myworkos/OS-Assignment$ env
SHELL=/bin/bash
SESSION_MANAGER=local/manthan-Aspire-A515-56G:@/tmp/.ICE-unix/1922,unix/manthan-Aspire-A515-56G:/tmp/.ICE-unix/1922
QT_ACCESSIBILITY=1
COLORTERM=truecolor
XDG_CONFIG_DIRS=/etc/xdg/xdg-ubuntu:/etc/xdg
SSH_AGENT_LAUNCHER=gnome-keyring
XDG_MENU_PREFIX=gnome-
GNOME_DESKTOP_SESSION_ID=this-is-deprecated
GTK_IM_MODULE=ibus
LANGUAGE=en_IN:en
GNOME_SHELL_SESSION_MODE=ubuntu
SSH_AUTH_SOCK=/run/user/1000/keyring/ssh
XMODIFIERS=@im=ibus
DESKTOP_SESSION=ubuntu
GTK_MODULES=gail:atk-bridge
DBUS_STARTER_BUS_TYPE=session
PWD=/home/manthan/Documents/CDAC/myworkos/OS-Assignment
LOGNAME=manthan
XDG_SESSION_DESKTOP=ubuntu
XDG_SESSION_TYPE=x11
GPG_AGENT_INFO=/run/user/1000/gnupg/S.gpg-agent:0:1
SYSTEMD_EXEC_PID=1922
XAUTHORITY=/run/user/1000/gdm/Xauthority
WINDOWPATH=2
HOME=/home/manthan
USERNAME=manthan
LANG=en_IN
LS_COLORS=rs=0:di=01;34:ln=01;36:mh=00:pi=40;33:so=01;35:do=01;35:bd=40;33;01:cd=40;33;01:or=40;31;01:mi=00:su=37;41:sg=30;43:ca=30;41:tw=30;42:ow=34;42:st=37;44:ex=01;32:*.tar=01;31:*.tgz=01;31:*.arc=01;31:*.arj=01;31:*.taz=01;31:*.lha=01;31:*.lz4=01;31:*.lzh=01;31:*.lzma=01;31:*.tlz=01;31:*.txz=01;31:*.tzo=01;31:*.t7z=01;31:*.zip=01;31:*.z=01;31:*.dz=01;31:*.gz=01;31:*.lrz=01;31:*.lz=01;31:*.lzo=01;31:*.xz=01;31:*.zst=01;31:*.tzst=01;31:*.bz2=01;31:*.bz=01;31:*.tbz=01;31:*.tbz2=01;31:*.tz=01;31:*.deb=01;31:*.rpm=01;31:*.jar=01;31:*.war=01;31:*.ear=01;31:*.sar=01;31:*.rar=01;31:*.alz=01;31:*.ace=01;31:*.zoo=01;31:*.cpio=01;31:*.7z=01;31:*.rz=01;31:*.cab=01;31:*.wim=01;31:*.swm=01;31:*.dwm=01;31:*.esd=01;31:*.jpg=01;35:*.jpeg=01;35:*.mjpg=01;35:*.mjpeg=01;35:*.gif=01;35:*.bmp=01;35:*.pbm=01;35:*.pgm=01;35:*.ppm=01;35:*.tga=01;35:*.xbm=01;35:*.xpm=01;35:*.tif=01;35:*.tiff=01;35:*.png=01;35:*.svg=01;35:*.svgz=01;35:*.mng=01;35:*.pcx=01;35:*.mov=01;35:*.mpg=01;35:*.mpeg=01;35:*.m2v=01;35:*.mkv=01;35:*.webm=01;35:*.webp=01;35:*.ogm=01;35:*.mp4=01;35:*.m4v=01;35:*.mp4v=01;35:*.vob=01;35:*.qt=01;35:*.nuv=01;35:*.wmv=01;35:*.asf=01;35:*.rm=01;35:*.rmvb=01;35:*.flc=01;35:*.avi=01;35:*.fli=01;35:*.flv=01;35:*.gl=01;35:*.dl=01;35:*.xcf=01;35:*.xwd=01;35:*.yuv=01;35:*.cgm=01;35:*.emf=01;35:*.ogv=01;35:*.ogx=01;35:*.aac=00;36:*.au=00;36:*.flac=00;36:*.m4a=00;36:*.mid=00;36:*.midi=00;36:*.mka=00;36:*.mp3=00;36:*.mpc=00;36:*.ogg=00;36:*.ra=00;36:*.wav=00;36:*.oga=00;36:*.opus=00;36:*.spx=00;36:*.xspf=00;36:
XDG_CURRENT_DESKTOP=ubuntu:GNOME
VTE_VERSION=6800
GNOME_TERMINAL_SCREEN=/org/gnome/Terminal/screen/df89cc52_1123_419d_838d_5ccf2bbe9881
LESSCLOSE=/usr/bin/lesspipe %s %s
XDG_SESSION_CLASS=user
TERM=xterm-256color
LESSOPEN=| /usr/bin/lesspipe %s
USER=manthan
GNOME_TERMINAL_SERVICE=:1.107
DISPLAY=:1
SHLVL=1
QT_IM_MODULE=ibus
DBUS_STARTER_ADDRESS=unix:path=/run/user/1000/bus,guid=ef187f4bbf42a0deaca59b8e6565cbf4
XDG_RUNTIME_DIR=/run/user/1000
XDG_DATA_DIRS=/usr/share/ubuntu:/usr/share/gnome:/usr/local/share/:/usr/share/:/var/lib/snapd/desktop
PATH=/usr/local/sbin:/usr/local/bin:/usr/sbin:/usr/bin:/sbin:/bin:/usr/games:/usr/local/games:/snap/bin:/snap/bin
GDMSESSION=ubuntu
DBUS_SESSION_BUS_ADDRESS=unix:path=/run/user/1000/bus,guid=ef187f4bbf42a0deaca59b8e6565cbf4
_=/usr/bin/env
OLDPWD=/home/manthan/Documents/CDAC/myworkos/OS-Assignment/one
manthan@manthan-Aspire-A515-56G:~/Documents/CDAC/myworkos/OS-Assignment$ 


